app/(app)/(tabs)/categories/index.tsx(8,20): error TS2322: Type '`/categories/category/${string}`' is not assignable to type '"/" | RelativePathString | ExternalPathString | "/modal" | `/modal?${string}` | `/modal#${string}` | "/(app)/(tabs)/categories/index" | `/(app)/(tabs)/categories/index?${string}` | `/(app)/(tabs)/categories/index#${string}` | ... 69 more ... | { ...; }'.
app/(app)/(tabs)/index.tsx(76,73): error TS2345: Argument of type '`/categories/category/${string}`' is not assignable to parameter of type '"/" | RelativePathString | ExternalPathString | "/modal" | `/modal?${string}` | `/modal#${string}` | "/(app)/(tabs)/categories/index" | `/(app)/(tabs)/categories/index?${string}` | `/(app)/(tabs)/categories/index#${string}` | ... 69 more ... | { ...; }'.
app/(app)/wishlist.tsx(3,52): error TS2305: Module '"react-native"' has no exported member 'FlatList'.
app/(app)/wishlist.tsx(39,66): error TS2345: Argument of type '"/(tabs)"' is not assignable to parameter of type '"/" | RelativePathString | ExternalPathString | "/modal" | `/modal?${string}` | `/modal#${string}` | "/(app)/(tabs)/categories/index" | `/(app)/(tabs)/categories/index?${string}` | `/(app)/(tabs)/categories/index#${string}` | ... 69 more ... | { ...; }'.
